
> aura-map@0.0.0 build
> vite build

vite v8.0.8 building client environment for production...
[2Ktransforming...✓ 2185 modules transformed.
rendering chunks...
computing gzip size...
dist/index.html                   0.48 kB │ gzip:   0.30 kB
dist/assets/index-DTOvjmbq.css   20.71 kB │ gzip:   4.04 kB
dist/assets/index-FK6xJL91.js   528.74 kB │ gzip: 163.19 kB

[plugin builtin:vite-reporter] 
(!) Some chunks are larger than 500 kB after minification. Consider:
- Using dynamic import() to code-split the application
- Use build.rolldownOptions.output.codeSplitting to improve chunking: https://rolldown.rs/reference/OutputOptions.codeSplitting
- Adjust chunk size limit for this warning via build.chunkSizeWarningLimit.
✗ Build failed in 407ms
error during build:
Build failed with 1 error:

Error: [vite]: Rolldown failed to resolve import "framer-motion" from "/home/philmong/projects/agent-canvas/src/components/ui/TacticalTemplateManager.jsx".
This is most likely unintended because it can break your application at runtime.
If you do want to externalize this module explicitly add it to
`build.rollupOptions.external`
    at viteLog (file:///home/philmong/projects/agent-canvas/node_modules/vite/dist/node/chunks/node.js:33047:57)
    at file:///home/philmong/projects/agent-canvas/node_modules/vite/dist/node/chunks/node.js:33083:71
    at onwarn (file:///home/philmong/projects/agent-canvas/node_modules/@vitejs/plugin-react/dist/index.js:40:7)
    at file:///home/philmong/projects/agent-canvas/node_modules/vite/dist/node/chunks/node.js:33083:28
    at onRollupLog (file:///home/philmong/projects/agent-canvas/node_modules/vite/dist/node/chunks/node.js:33078:63)
    at onLog (file:///home/philmong/projects/agent-canvas/node_modules/vite/dist/node/chunks/node.js:32847:4)
    at file:///home/philmong/projects/agent-canvas/node_modules/rolldown/dist/shared/rolldown-build-DtGk-m96.mjs:50:26
    at logger (file:///home/philmong/projects/agent-canvas/node_modules/rolldown/dist/shared/rolldown-build-DtGk-m96.mjs:41:3)
    at onLog (file:///home/philmong/projects/agent-canvas/node_modules/rolldown/dist/shared/bindingify-input-options-DYpBf1OG.mjs:2015:32)
    at aggregateBindingErrorsIntoJsError (file:///home/philmong/projects/agent-canvas/node_modules/rolldown/dist/shared/error-w0u7biK-.mjs:48:18)
    at unwrapBindingResult (file:///home/philmong/projects/agent-canvas/node_modules/rolldown/dist/shared/error-w0u7biK-.mjs:18:128)
    at #build (file:///home/philmong/projects/agent-canvas/node_modules/rolldown/dist/shared/rolldown-build-DtGk-m96.mjs:3313:34)
    at async buildEnvironment (file:///home/philmong/projects/agent-canvas/node_modules/vite/dist/node/chunks/node.js:32954:64)
    at async Object.build (file:///home/philmong/projects/agent-canvas/node_modules/vite/dist/node/chunks/node.js:33376:19)
    at async Object.buildApp (file:///home/philmong/projects/agent-canvas/node_modules/vite/dist/node/chunks/node.js:33373:153)
    at async CAC.<anonymous> (file:///home/philmong/projects/agent-canvas/node_modules/vite/dist/node/cli.js:778:3) {
  errors: [Getter/Setter]
}
